// 重构日志: 259159dd
// 重构日志: ed1249cf
// 重构日志: 059845be
// 重构日志: 752ea97c
// 重构日志: d04fdd44
// 同步 ID: 4606fc27 @ Tue Jul 21 00:55:33 UTC 2026
// 重构日志: 410681f4
// 同步 ID: 23f73c07 @ Thu Jul 23 00:27:52 UTC 2026
// 同步 ID: 21dc5bad @ Fri Jul 24 15:25:39 UTC 2026
// 重构日志: 905a8583
// 重构日志: be04c533
// 重构日志: cae99adc
// 同步 ID: e9d63b50 @ Mon Jul 27 11:37:01 UTC 2026
// 重构日志: c45e2eb3
// 重构日志: 8a7014e4
// 重构日志: f659aadd
// 同步 ID: fcfaee0a @ Thu Jul 30 00:39:19 UTC 2026
// 同步 ID: 94904aaf @ Thu Aug  6 00:32:00 UTC 2026
// 重构日志: 0a391afc
// 同步 ID: 493a1ea3 @ Sat Aug  8 05:20:29 UTC 2026
// 同步 ID: 2b7e1575 @ Sat Aug  8 08:34:51 UTC 2026
// 同步 ID: 5a837cc9 @ Sat Aug  8 10:19:54 UTC 2026
